ERROR: column "id" does not exist
error: column "id" does not exist
    at C:\Users\sbo63\Desktop\SummitBank-React-App\backend\node_modules\pg-pool\index.js:45:11
    at process.processTicksAndRejections (node:internal/process/task_queues:104:5)
    at async main (C:\Users\sbo63\Desktop\SummitBank-React-App\backend\test_verify.js:18:21)